---
layout: single
title: "SQL - Subquery"
categories: SQL
toc: true
author_profile: false
sidebar:
  nav: "docs"
---

# SQL Subquery
- í•˜ë‚˜ì˜ SQLë¬¸ ì•ˆì— í¬í•¨ë˜ì–´ ìˆëŠ” ë˜ ë‹¤ë¥¸ SQLë¬¸ì„ ë§í•œë‹¤.
- ë©”ì¸ì¿¼ë¦¬ê°€ ì„œë¸Œì¿¼ë¦¬ë¥´ í¬í•¨í•˜ëŠ” ì¢…ì†ì ì¸ ê´€ê³„ì´ë‹¤.
  
  
### ì‚¬ìš©ì‹œ ì£¼ì˜ì‚¬í•­
- SubqueryëŠ” ê´„í˜¸ë¡œ ë¬¶ì–´ì„œ ì‚¬ìš©
- ë‹¨ì¼ í–‰ í˜¹ì€ ë³µìˆ˜ í–‰ ë¹„êµ ì—°ì‚°ìì™€ í•¨ê»˜ ì‚¬ìš© ê°€ëŠ¥
- Subqueryì—ì„œëŠ” order by ì‚¬ìš© X
- ì„œë¸Œì¿¼ë¦¬ëŠ” ë©”ì¸ì¿¼ë¦¬ì˜ ì»¬ëŸ¼ ì‚¬ìš© ê°€ëŠ¥
- ë©”ì¸ì¿¼ë¦¬ëŠ” ì„œë¸Œì¿¼ë¦¬ì˜ ì»¬ëŸ¼ ì‚¬ìš© ë¶ˆê°€

### ì¢…ë¥˜
- ìŠ¤ì¹¼ë¼ ì„œë¸Œì¿¼ë¦¬(Scalar Subquery) - SELECTì ˆì— ì‚¬ìš©
- ì¸ë¼ì¸ ë·°(Inline View) - FROMì ˆì— ì‚¬ìš©
- ì¤‘ì²© ì„œë¸Œì¿¼ë¦¬(Nested Subquery) - WHEREì ˆì— ì‚¬ìš©


# ğŸ”´ ìŠ¤ì¹¼ë¼ ì„œë¸Œì¿¼ë¦¬ (Scalar Subquery)
- SELECTì ˆì—ì„œ ì‚¬ìš©í•˜ëŠ” ì„œë¸Œì¿¼ë¦¬ë¡œ ê²°ê³¼ëŠ” í•˜ë‚˜ì˜ Columnì´ì–´ì•¼ í•œë‹¤.
```sql
SELECT column1, (SELECT column2 FROM table2 WHERE condition)
FROM table1
WHERE condition;
```

### ì˜ˆì œ
ì„œìš¸ì€í‰ê²½ì°°ì„œì˜ ê°•ë„ ê²€ê±° ê±´ìˆ˜ì™€ ì„œìš¸ì‹œ ê²½ì°°ì„œ ì „ì²´ì˜ í‰ê·  ê°•ë„ ê²€ê±° ê±´ìˆ˜ë¥¼ ì¡°íšŒ

```
mysql> select case_number, (select avg(case_number) from crime_statuswhere crime_type like 'ê°•ë„' and status_type like 'ê²€ê±°') avg
from crime_status 
where police_station like 'ì€í‰' and crime_type like 'ê°•ë„' and status_type like 'ê²€ê±°';
+-------------+--------+
| case_number | avg    |
+-------------+--------+
|           1 | 4.1935 |
+-------------+--------+
```

# ğŸ”´ ì¸ë¼ì¸ ë·° (Inline View)
- FROMì ˆì— ì‚¬ìš©í•˜ëŠ” ì„œë¸Œì¿¼ë¦¬ë¡œ ë©”ì¸ì¿¼ë¦¬ì—ì„œëŠ” ì¸ë¼ì¸ ë·°ì—ì„œ ì¡°íšŒí•œ Columnë§Œ ì‚¬ìš© ê°€ëŠ¥
```sql
SELECT a.column, b.column
FROM table1 a, (SELECT column1, column2 FROM table2) b
WHERE condition;
```

### ì˜ˆì œ
ê²½ì°°ì„œë³„ë¡œ ê°€ì¥ ë§ì´ ë°œìƒí•œ ë²”ì£„ ê±´ìˆ˜ì™€ ë²”ì£„ ìœ í˜•ì„ ì¡°íšŒ
```
mysql> select c.police_station, c.crime_type, c.case_number 
    -> from crime_status c, (select police_station, max(case_number) count from crime_status where status_type like 'ë°œìƒ' group by police_station) m
    -> where c.police_station = m.police_station and c.case_number = m.count;
+----------------+------------+-------------+
| police_station | crime_type | case_number |
+----------------+------------+-------------+
| ì¤‘ë¶€           | í­ë ¥       |         997 |
| ì¢…ë¡œ           | í­ë ¥       |         964 |
| ë‚¨ëŒ€ë¬¸         | ì ˆë„       |         699 |
| ì„œëŒ€ë¬¸         | í­ë ¥       |        1292 |
| í˜œí™”           | í­ë ¥       |         747 |
| ìš©ì‚°           | í­ë ¥       |        1617 |
| ì„±ë¶           | í­ë ¥       |         672 |
| ë™ëŒ€ë¬¸         | í­ë ¥       |        1784 |
| ë§ˆí¬           | í­ë ¥       |        1844 |
| ì˜ë“±í¬         | í­ë ¥       |        2701 |
| ì„±ë™           | í­ë ¥       |        1223 |
| ë™ì‘           | í­ë ¥       |        1631 |
| ê´‘ì§„           | í­ë ¥       |        1676 |
| ì„œë¶€           | í­ë ¥       |         748 |
| ê°•ë¶           | í­ë ¥       |        1817 |
| ê¸ˆì²œ           | í­ë ¥       |        1471 |
| ì¤‘ë‘           | í­ë ¥       |        2022 |
| ê°•ë‚¨           | í­ë ¥       |        2283 |
| ê´€ì•…           | í­ë ¥       |        2614 |
| ê°•ì„œ           | í­ë ¥       |        2445 |
| ê°•ë™           | í­ë ¥       |        1942 |
| ì¢…ì•”           | í­ë ¥       |         758 |
| êµ¬ë¡œ           | í­ë ¥       |        2204 |
| ì„œì´ˆ           | í­ë ¥       |        1750 |
| ì–‘ì²œ           | í­ë ¥       |        1582 |
| ì†¡íŒŒ           | í­ë ¥       |        2675 |
| ë…¸ì›           | í­ë ¥       |        2163 |
| ë°©ë°°           | í­ë ¥       |         423 |
| ì€í‰           | í­ë ¥       |        1092 |
| ë„ë´‰           | í­ë ¥       |        1234 |
| ìˆ˜ì„œ           | í­ë ¥       |        1394 |
+----------------+------------+-------------+
```

# ğŸ”´ ì¤‘ì²© ì„œë¸Œì¿¼ë¦¬ (Nested Subquery)
WHEREì ˆì—ì„œ ì‚¬ìš©í•˜ëŠ” ì„œë¸Œì¿¼ë¦¬
- Single Row : í•˜ë‚˜ì˜ ì—´ì„ ê²€ìƒ‰í•˜ëŠ” ì„œë¸Œì¿¼ë¦¬
- Multiple Row : í•˜ë‚˜ ì´ìƒì˜ ì—´ì„ ê²€ìƒ‰í•˜ëŠ” ì„œë¸Œì¿¼ë¦¬
- Multiple Column : í•˜ë‚˜ ì´ìƒì˜ í–‰ì„ ê²€ìƒ‰í•˜ëŠ” ì„œë¸Œì¿¼ë¦¬

## â­• Single Row Subquery
- ì„œë¸Œì¿¼ë¦¬ê°€ ë¹„êµì—°ì‚°ì(=, >, >=, <, <=, <>, !=)ì™€ ì‚¬ìš©ë˜ëŠ” ê²½ìš°
- ì„œë¸Œì¿¼ë¦¬ì˜ ê²€ìƒ‰ ê²°ê³¼ëŠ” í•œ ê°œì˜ ê²°ê³¼ê°’ì„ ê°€ì ¸ì•¼ í•œë‹¤. (ë‘ ê°œ ì´ìƒì¸ ê²½ìš° ì—ëŸ¬)
```sql
SELECT column_names
FROM table_name
WHERE column_name = (SELECT column_name
					 FROM table_name
                     WHERE condition)
ORDER BY column_name;                     
```

### ì˜ˆì œ
```
mysql> select name from celeb where name = select host from snl_show;
ERROR 1064 (42000): You have an error in your SQL syntax; check the manual that corresponds to your MySQL server version for the right syntax to use near 'select host from snl_show' at line 1

mysql> select name from celeb where name = (select host from snl_show);
ERROR 1242 (21000): Subquery returns more than 1 row

mysql> select name from celeb where name = (select host from snl_show where id = 1);
+-----------+
| name      |
+-----------+
| ê°•ë™ì›    |
+-----------+
```

## â­• Multiple Row - IN
ì„œë¸Œì¿¼ë¦¬ ê²°ê³¼ì¤‘ì— í¬í•¨ ë  ë•Œ
```sql
SELCT column_names
FROM table_name
WHERE column_name IN (SELECT column_name
					  FROM table_name
                      WHERE condition)
ORDER BY column_names;
```

### ì˜ˆì œ
SNLì— ì¶œì—°í•œ ì˜í™”ë°°ìš°ë¥¼ ì¡°íšŒ
```
mysql> select host
    -> from snl_show
    -> where host in (select name from celeb where job_title like '%ì˜í™”ë°°ìš°%');
+-----------+
| host      |
+-----------+
| ê°•ë™ì›    |
| ì°¨ìŠ¹ì›    |
+-----------+
```

## â­• Multiple Row - EXISTS
ì„œë¸Œì¿¼ë¦¬ ê²°ê³¼ì— ê°’ì´ ìˆìœ¼ë©´ ë°˜í™˜
```sql
SELECT column_names
FROM table_name
WHERE EXISTS (SELECT column_name
			  FROM table_name
              WHERE condition)
ORDER BY column_names;              
```

### ì˜ˆì œ
ë²”ì£„ ê²€ê±° í˜¹ì€ ë°œìƒ ê±´ìˆ˜ê°€ 2000ê±´ ë³´ë‹¤ í° ê²½ì°°ì„œ ì¡°íšŒ
```
mysql> select name
    -> from police_station p
    -> where exists (select police_station from crime_status c where p.name = c.reference and case_number > 2000);
+--------------------------+
| name                     |
+--------------------------+
| ì„œìš¸ê°•ë‚¨ê²½ì°°ì„œ           |
| ì„œìš¸ê°•ì„œê²½ì°°ì„œ           |
| ì„œìš¸ê´€ì•…ê²½ì°°ì„œ           |
| ì„œìš¸êµ¬ë¡œê²½ì°°ì„œ           |
| ì„œìš¸ë…¸ì›ê²½ì°°ì„œ           |
| ì„œìš¸ì†¡íŒŒê²½ì°°ì„œ           |
| ì„œìš¸ì˜ë“±í¬ê²½ì°°ì„œ         |
| ì„œìš¸ì¤‘ë‘ê²½ì°°ì„œ           |
+--------------------------+
```

## â­• Multiple Row - ANY
ì„œë¸Œì¿¼ë¦¬ ê²°ê³¼ì¤‘ì— ìµœì†Œí•œ í•˜ë‚˜ë¼ë„ ë§Œì¡±ì‹œ(ë¹„êµì—°ì‚°ì ì‚¬ìš©)
```sql
SELECT column_names
FROM table_name
WHERE column_name = ANY (SELECT column_name
						 FROM table_name
                         WHERE condition)
ORDER BY column_names;                         
```

### ì˜ˆì œ
SNLì— ì¶œì—°í•œì ì´ ìˆëŠ” ì—°ì˜ˆì¸ ì´ë¦„ ì¡°íšŒ
```
mysql> select name
    -> from celeb
    -> where name = any (select host from snl_show);
+-----------+
| name      |
+-----------+
| ê°•ë™ì›    |
| ìœ ì¬ì„    |
| ì°¨ìŠ¹ì›    |
| ì´ìˆ˜í˜„    |
+-----------+
```

## â­• Multiple Row - ALL
ì„œë¸Œì¿¼ë¦¬ ê²°ê³¼ ëª¨ë‘ ë§Œì¡±(ë¹„êµ ì—°ì‚°ì ì‚¬ìš©)
```sql
SELECT column_names
FROM table_name
WHERE column_name = ALL (SELECT column_name
						 FROM table_name
                         WHERE condition)
ORDER BY column_names;  
```

### ì˜ˆì œ
```
mysql> select name
    -> from celeb
    -> where name = all (select host from snl_show where id = 1);
+-----------+
| name      |
+-----------+
| ê°•ë™ì›    |
+-----------+
```

## â­• Multi Column Subquery - IN
ì„œë¸Œì¿¼ë¦¬ ë‚´ì— ë©”ì¸ì¿¼ë¦¬ ì»¬ëŸ¼ì´ ê°™ì´ ì‚¬ìš©ë˜ëŠ” ê²½ìš°
```sql
SELECT column_names
FROM tablename a
WHERE (a.column1, a.column2,...) IN (SELECT b.column1, b.column2, ...
									 FROM tablename b
                                     WHERE a.column_name = b.column_name)
ORDER BY column_names;                                     
```

### ì˜ˆì œ
ê°•ë™ì›ê³¼ ì„±ë³„, ì†Œì†ì‚¬ê°€ ê°™ì€ ì—°ì˜ˆì¸ì˜ ì´ë¦„, ì„±ë³„, ì†Œì†ì‚¬ë¥¼ ì¡°íšŒ
```
mysql> select name, sex, agency
    -> from celeb
    -> where (sex, agency) in (select sex, agency from celeb where name='ê°•ë™ì›');
+-----------+------+----------------------+
| name      | sex  | agency               |
+-----------+------+----------------------+
| ê°•ë™ì›    | M    | YGì—”í„°í…Œì¸ë¨¼íŠ¸       |
| ì°¨ìŠ¹ì›    | M    | YGì—”í„°í…Œì¸ë¨¼íŠ¸       |
+-----------+------+----------------------+
```


